2026-05-15 18:29:47 +05:30: 
2026-05-15 18:29:47 +05:30: 🚀 Starting Next.js server on port 3000...
2026-05-15 18:29:48 +05:30: Next.js server exited with code 1
2026-05-15 18:29:48 +05:30: 
2026-05-15 18:29:48 +05:30: 🚀 Starting Next.js server on port 3000...
2026-05-15 18:29:49 +05:30: Next.js server exited with code 1
2026-05-15 18:29:49 +05:30: 
2026-05-15 18:29:49 +05:30: 🚀 Starting Next.js server on port 3000...
2026-05-15 18:29:49 +05:30: Next.js server exited with code 1
2026-05-15 18:29:49 +05:30: 
2026-05-15 18:29:49 +05:30: 🚀 Starting Next.js server on port 3000...
2026-05-15 18:29:50 +05:30: Next.js server exited with code 1
2026-05-15 18:29:50 +05:30: 
2026-05-15 18:29:50 +05:30: 🚀 Starting Next.js server on port 3000...
2026-05-15 18:29:51 +05:30: Next.js server exited with code 1
2026-05-15 18:29:51 +05:30: 
2026-05-15 18:29:51 +05:30: 🚀 Starting Next.js server on port 3000...
2026-05-15 18:29:52 +05:30: Next.js server exited with code 1
2026-05-15 18:29:52 +05:30: 
2026-05-15 18:29:52 +05:30: 🚀 Starting Next.js server on port 3000...
2026-05-15 18:29:52 +05:30: Next.js server exited with code 1
2026-05-15 18:29:53 +05:30: 
2026-05-15 18:29:53 +05:30: 🚀 Starting Next.js server on port 3000...
2026-05-15 18:29:53 +05:30: Next.js server exited with code 1
2026-05-15 18:29:53 +05:30: 
2026-05-15 18:29:53 +05:30: 🚀 Starting Next.js server on port 3000...
2026-05-15 18:29:54 +05:30: Next.js server exited with code 1
2026-05-15 18:29:54 +05:30: 
2026-05-15 18:29:54 +05:30: 🚀 Starting Next.js server on port 3000...
2026-05-15 18:29:54 +05:30: Next.js server exited with code 1
2026-05-15 18:33:26 +05:30: Microsoft Windows [Version 10.0.19045.6466]
2026-05-15 18:33:26 +05:30: (c) Microsoft Corporation. All rights reserved.
2026-05-15 18:33:26 +05:30: 
2026-05-15 18:34:28 +05:30: 
2026-05-15 18:34:28 +05:30: 🚀 Starting Next.js frontend on port 3000...
2026-05-15 18:34:28 +05:30: ❌ Next.js exited with code 1
2026-05-15 18:34:28 +05:30: 
2026-05-15 18:34:28 +05:30: 🚀 Starting Next.js frontend on port 3000...
2026-05-15 18:34:29 +05:30: ❌ Next.js exited with code 1
2026-05-15 18:34:29 +05:30: 
2026-05-15 18:34:29 +05:30: 🚀 Starting Next.js frontend on port 3000...
2026-05-15 18:34:29 +05:30: ❌ Next.js exited with code 1
2026-05-15 18:34:30 +05:30: 
2026-05-15 18:34:30 +05:30: 🚀 Starting Next.js frontend on port 3000...
2026-05-15 18:34:30 +05:30: ❌ Next.js exited with code 1
2026-05-15 18:34:30 +05:30: 
2026-05-15 18:34:30 +05:30: 🚀 Starting Next.js frontend on port 3000...
2026-05-15 18:34:30 +05:30: ❌ Next.js exited with code 1
2026-05-15 18:34:30 +05:30: 
2026-05-15 18:34:30 +05:30: 🚀 Starting Next.js frontend on port 3000...
2026-05-15 18:34:31 +05:30: ❌ Next.js exited with code 1
2026-05-15 18:34:31 +05:30: 
2026-05-15 18:34:31 +05:30: 🚀 Starting Next.js frontend on port 3000...
2026-05-15 18:34:31 +05:30: ❌ Next.js exited with code 1
2026-05-15 18:34:31 +05:30: 
2026-05-15 18:34:31 +05:30: 🚀 Starting Next.js frontend on port 3000...
2026-05-15 18:34:31 +05:30: ❌ Next.js exited with code 1
2026-05-15 18:34:32 +05:30: 
2026-05-15 18:34:32 +05:30: 🚀 Starting Next.js frontend on port 3000...
2026-05-15 18:34:32 +05:30: ❌ Next.js exited with code 1
2026-05-15 18:34:32 +05:30: 
2026-05-15 18:34:32 +05:30: 🚀 Starting Next.js frontend on port 3000...
2026-05-15 18:34:32 +05:30: ❌ Next.js exited with code 1
2026-05-15 18:35:26 +05:30: 
2026-05-15 18:35:26 +05:30: 🚀 Starting Next.js frontend on port 3000...
2026-05-15 18:35:27 +05:30: ❌ Next.js exited with code 1
2026-05-15 18:35:27 +05:30: 
2026-05-15 18:35:27 +05:30: 🚀 Starting Next.js frontend on port 3000...
2026-05-15 18:35:27 +05:30: ❌ Next.js exited with code 1
2026-05-15 18:35:27 +05:30: 
2026-05-15 18:35:27 +05:30: 🚀 Starting Next.js frontend on port 3000...
2026-05-15 18:35:27 +05:30: ❌ Next.js exited with code 1
2026-05-15 18:35:28 +05:30: 
2026-05-15 18:35:28 +05:30: 🚀 Starting Next.js frontend on port 3000...
2026-05-15 18:35:28 +05:30: ❌ Next.js exited with code 1
2026-05-15 18:35:28 +05:30: 
2026-05-15 18:35:28 +05:30: 🚀 Starting Next.js frontend on port 3000...
2026-05-15 18:35:28 +05:30: ❌ Next.js exited with code 1
2026-05-15 18:35:28 +05:30: 
2026-05-15 18:35:28 +05:30: 🚀 Starting Next.js frontend on port 3000...
2026-05-15 18:35:29 +05:30: ❌ Next.js exited with code 1
2026-05-15 18:35:29 +05:30: 
2026-05-15 18:35:29 +05:30: 🚀 Starting Next.js frontend on port 3000...
2026-05-15 18:35:29 +05:30: ❌ Next.js exited with code 1
2026-05-15 18:35:29 +05:30: 
2026-05-15 18:35:29 +05:30: 🚀 Starting Next.js frontend on port 3000...
2026-05-15 18:35:29 +05:30: ❌ Next.js exited with code 1
2026-05-15 18:35:30 +05:30: 
2026-05-15 18:35:30 +05:30: 🚀 Starting Next.js frontend on port 3000...
2026-05-15 18:35:30 +05:30: ❌ Next.js exited with code 1
2026-05-15 18:35:30 +05:30: 
2026-05-15 18:35:30 +05:30: 🚀 Starting Next.js frontend on port 3000...
2026-05-15 18:35:30 +05:30: ❌ Next.js exited with code 1
2026-05-15 18:37:22 +05:30: 
2026-05-15 18:37:22 +05:30: 🚀 Starting Next.js frontend on port 3000...
2026-05-15 18:37:25 +05:30: ▲ Next.js 16.2.6
2026-05-15 18:37:25 +05:30: - Local:         http://localhost:3000
2026-05-15 18:37:25 +05:30: - Network:       http://192.168.31.41:3000
2026-05-15 18:37:25 +05:30: ✓ Ready in 341ms
2026-05-15 18:50:13 +05:30: 
2026-05-15 18:50:13 +05:30: 🚀 Starting Next.js frontend on port 3000...
2026-05-15 18:50:16 +05:30: ▲ Next.js 16.2.6
2026-05-15 18:50:16 +05:30: - Local:         http://localhost:3000
2026-05-15 18:50:16 +05:30: - Network:       http://192.168.31.41:3000
2026-05-15 18:50:16 +05:30: ✓ Ready in 219ms
2026-05-15 18:56:08 +05:30: 
2026-05-15 18:56:08 +05:30: 🚀 Starting Next.js frontend on port 3000...
2026-05-15 18:56:11 +05:30: ▲ Next.js 16.2.6
2026-05-15 18:56:11 +05:30: - Local:         http://localhost:3000
2026-05-15 18:56:11 +05:30: - Network:       http://192.168.31.41:3000
2026-05-15 18:56:11 +05:30: ✓ Ready in 582ms
